// Jest Snapshot v1, https://goo.gl/fbAQLP

exports[`creates a snapshot 1`] = `
<DocumentFragment>
  <div>
    <h3 />
    <button>
      Remove Task
    </button>
  </div>
</DocumentFragment>
`;
